spin j=2.5, symmetric-qubit count N=5, spin dimension d=6
||rho_T - I/d||_F = 6.124972e-03
max multipole decay error = 6.106227e-16
epoch=    0  fidelity_final_loss=4.558126e-01  final_state_error=2.640768e-01
epoch=   10  fidelity_final_loss=2.602610e-01  final_state_error=1.334516e-01
epoch=   20  fidelity_final_loss=9.171052e-02  final_state_error=1.196139e-01
epoch=   30  fidelity_final_loss=3.163437e-02  final_state_error=2.343127e-02
epoch=   40  fidelity_final_loss=1.043429e-02  final_state_error=1.068266e-02
epoch=   50  fidelity_final_loss=6.810847e-03  final_state_error=5.343366e-03
epoch=   60  fidelity_final_loss=4.326094e-03  final_state_error=3.410768e-03
epoch=   70  fidelity_final_loss=2.896117e-03  final_state_error=1.819142e-03
epoch=   80  fidelity_final_loss=2.166455e-03  final_state_error=1.140519e-03
epoch=   90  fidelity_final_loss=1.778399e-03  final_state_error=8.514612e-04
epoch=   99  fidelity_final_loss=1.569247e-03  final_state_error=8.012632e-04
final Frobenius state error = 7.990523e-04
final quantum fidelity = 9.984477e-01
final trace distance = 2.758913e-02
grid Jensen-Shannon divergence = 3.552825e-05
Q-grid correlation = 9.999452e-01
Q peak angular shift = 0.000000e+00 rad
outputs written to: /home/mmaronese/work/spin_quantum_diffusion/diagnostic_study/runs/forward_final_e100_fidelity_l0.0/seed_3
