spin j=2.5, symmetric-qubit count N=5, spin dimension d=6
||rho_T - I/d||_F = 6.175033e-03
max multipole decay error = 7.216450e-16
epoch=    0  fidelity_path_loss=5.409549e-01  final_state_error=2.647189e-01
epoch=   50  fidelity_path_loss=6.145907e-02  final_state_error=1.540334e-02
epoch=  100  fidelity_path_loss=2.997437e-02  final_state_error=7.650527e-03
epoch=  150  fidelity_path_loss=2.051252e-02  final_state_error=5.264997e-03
epoch=  200  fidelity_path_loss=1.743581e-02  final_state_error=5.119595e-03
epoch=  250  fidelity_path_loss=1.656625e-02  final_state_error=4.792255e-03
epoch=  300  fidelity_path_loss=1.625761e-02  final_state_error=4.619952e-03
epoch=  350  fidelity_path_loss=1.609018e-02  final_state_error=4.466979e-03
epoch=  400  fidelity_path_loss=1.596310e-02  final_state_error=4.317389e-03
epoch=  450  fidelity_path_loss=1.586621e-02  final_state_error=4.213551e-03
epoch=  499  fidelity_path_loss=1.578715e-02  final_state_error=4.151772e-03
final Frobenius state error = 4.150701e-03
final quantum fidelity = 9.894121e-01
final trace distance = 6.537817e-02
grid Jensen-Shannon divergence = 1.335087e-03
Q-grid correlation = 9.988798e-01
Q peak angular shift = 2.804196e-02 rad
outputs written to: /home/mmaronese/work/spin_quantum_diffusion/diagnostic_study/runs/forward_path_e500_fidelity_l0.0/seed_5
