spin j=2.5, symmetric-qubit count N=5, spin dimension d=6
||rho_T - I/d||_F = 6.124972e-03
max multipole decay error = 6.106227e-16
epoch=    0  fidelity_path_loss=5.379012e-01  final_state_error=2.640768e-01
epoch=   50  fidelity_path_loss=8.196489e-02  final_state_error=2.985353e-02
epoch=  100  fidelity_path_loss=6.623405e-02  final_state_error=1.886290e-02
epoch=  150  fidelity_path_loss=5.732484e-02  final_state_error=1.309171e-02
epoch=  200  fidelity_path_loss=3.093459e-02  final_state_error=1.356059e-02
epoch=  250  fidelity_path_loss=2.040759e-02  final_state_error=8.389353e-03
epoch=  300  fidelity_path_loss=1.939352e-02  final_state_error=8.592254e-03
epoch=  350  fidelity_path_loss=1.889174e-02  final_state_error=8.455132e-03
epoch=  400  fidelity_path_loss=1.864668e-02  final_state_error=8.153997e-03
epoch=  450  fidelity_path_loss=1.825362e-02  final_state_error=7.648216e-03
epoch=  499  fidelity_path_loss=1.786463e-02  final_state_error=7.020392e-03
final Frobenius state error = 7.013760e-03
final quantum fidelity = 9.876551e-01
final trace distance = 7.462132e-02
grid Jensen-Shannon divergence = 1.405177e-03
Q-grid correlation = 9.982335e-01
Q peak angular shift = 1.173449e+00 rad
outputs written to: /home/mmaronese/work/spin_quantum_diffusion/diagnostic_study/runs/forward_path_e500_fidelity_l0.0/seed_3
