spin j=2.5, symmetric-qubit count N=5, spin dimension d=6
||rho_T - I/d||_F = 6.136314e-03
max multipole decay error = 6.661338e-16
epoch=    0  fidelity_path_loss=5.546839e-01  final_state_error=2.702304e-01
epoch=   50  fidelity_path_loss=7.873200e-02  final_state_error=2.639685e-02
epoch=  100  fidelity_path_loss=6.394350e-02  final_state_error=1.694517e-02
epoch=  150  fidelity_path_loss=4.206927e-02  final_state_error=1.070315e-02
epoch=  200  fidelity_path_loss=2.200859e-02  final_state_error=7.705245e-03
epoch=  250  fidelity_path_loss=1.924264e-02  final_state_error=5.723140e-03
epoch=  300  fidelity_path_loss=1.874833e-02  final_state_error=5.242990e-03
epoch=  350  fidelity_path_loss=1.838600e-02  final_state_error=5.038807e-03
epoch=  400  fidelity_path_loss=1.817247e-02  final_state_error=4.972731e-03
epoch=  450  fidelity_path_loss=1.806631e-02  final_state_error=4.911202e-03
epoch=  499  fidelity_path_loss=1.799807e-02  final_state_error=4.852228e-03
final Frobenius state error = 4.851094e-03
final quantum fidelity = 9.888189e-01
final trace distance = 6.396130e-02
grid Jensen-Shannon divergence = 1.423609e-03
Q-grid correlation = 9.984810e-01
Q peak angular shift = 1.217276e+00 rad
outputs written to: /home/mmaronese/work/spin_quantum_diffusion/diagnostic_study/runs/mixed_path_e500_fidelity_l0.0/seed_7
