spin j=2.5, symmetric-qubit count N=5, spin dimension d=6
||rho_T - I/d||_F = 6.212269e-03
max multipole decay error = 7.771561e-16
epoch=    0  fidelity_path_loss=5.425019e-01  final_state_error=2.668042e-01
epoch=   10  fidelity_path_loss=2.614099e-01  final_state_error=1.168913e-01
epoch=   20  fidelity_path_loss=1.496873e-01  final_state_error=5.154471e-02
epoch=   30  fidelity_path_loss=9.961583e-02  final_state_error=3.693092e-02
epoch=   40  fidelity_path_loss=8.494988e-02  final_state_error=3.202049e-02
epoch=   50  fidelity_path_loss=7.847296e-02  final_state_error=2.671636e-02
epoch=   60  fidelity_path_loss=7.440812e-02  final_state_error=2.532962e-02
epoch=   70  fidelity_path_loss=7.160422e-02  final_state_error=2.271445e-02
epoch=   80  fidelity_path_loss=6.967193e-02  final_state_error=2.145333e-02
epoch=   90  fidelity_path_loss=6.826118e-02  final_state_error=2.033424e-02
epoch=   99  fidelity_path_loss=6.725469e-02  final_state_error=1.929552e-02
final Frobenius state error = 1.920119e-02
final quantum fidelity = 9.512731e-01
final trace distance = 1.445906e-01
grid Jensen-Shannon divergence = 6.757170e-03
Q-grid correlation = 9.963110e-01
Q peak angular shift = 2.030809e-01 rad
outputs written to: /home/mmaronese/work/spin_quantum_diffusion/diagnostic_study/runs/forward_path_e100_fidelity_l0.0/seed_11
