spin j=2.5, symmetric-qubit count N=5, spin dimension d=6
||rho_T - I/d||_F = 6.136314e-03
max multipole decay error = 6.661338e-16
epoch=    0  fidelity_final_loss=4.649961e-01  final_state_error=2.702304e-01
epoch=   50  fidelity_final_loss=3.530825e-03  final_state_error=1.906554e-03
epoch=  100  fidelity_final_loss=5.569692e-04  final_state_error=1.112006e-04
epoch=  150  fidelity_final_loss=2.133672e-04  final_state_error=3.783248e-05
epoch=  200  fidelity_final_loss=1.165954e-04  final_state_error=3.099376e-05
epoch=  250  fidelity_final_loss=7.654224e-05  final_state_error=2.532603e-05
epoch=  300  fidelity_final_loss=5.505124e-05  final_state_error=2.079623e-05
epoch=  350  fidelity_final_loss=4.221127e-05  final_state_error=1.702964e-05
epoch=  400  fidelity_final_loss=3.369692e-05  final_state_error=1.389728e-05
epoch=  450  fidelity_final_loss=2.749582e-05  final_state_error=1.131042e-05
epoch=  499  fidelity_final_loss=2.275345e-05  final_state_error=9.205777e-06
final Frobenius state error = 9.166687e-06
final quantum fidelity = 9.999773e-01
final trace distance = 2.680242e-03
grid Jensen-Shannon divergence = 8.886969e-07
Q-grid correlation = 9.999997e-01
Q peak angular shift = 0.000000e+00 rad
outputs written to: /home/mmaronese/work/spin_quantum_diffusion/diagnostic_study/runs/mixed_final_e500_fidelity_l0.0/seed_7
