spin j=2.5, symmetric-qubit count N=5, spin dimension d=6
||rho_T - I/d||_F = 6.124972e-03
max multipole decay error = 6.106227e-16
epoch=    0  fidelity_path_loss=5.512962e-01  final_state_error=2.690427e-01
epoch=   10  fidelity_path_loss=2.903111e-01  final_state_error=1.359038e-01
epoch=   20  fidelity_path_loss=1.734217e-01  final_state_error=5.987081e-02
epoch=   30  fidelity_path_loss=1.048422e-01  final_state_error=3.656841e-02
epoch=   40  fidelity_path_loss=9.030023e-02  final_state_error=3.598631e-02
epoch=   50  fidelity_path_loss=8.238916e-02  final_state_error=2.990469e-02
epoch=   60  fidelity_path_loss=7.641601e-02  final_state_error=2.845405e-02
epoch=   70  fidelity_path_loss=7.340719e-02  final_state_error=2.396378e-02
epoch=   80  fidelity_path_loss=7.097002e-02  final_state_error=2.240208e-02
epoch=   90  fidelity_path_loss=6.911475e-02  final_state_error=2.099245e-02
epoch=   99  fidelity_path_loss=6.758733e-02  final_state_error=1.937784e-02
final Frobenius state error = 1.925142e-02
final quantum fidelity = 9.513867e-01
final trace distance = 1.450729e-01
grid Jensen-Shannon divergence = 6.694525e-03
Q-grid correlation = 9.960463e-01
Q peak angular shift = 3.901632e-01 rad
outputs written to: /home/mmaronese/work/spin_quantum_diffusion/diagnostic_study/runs/mixed_path_e100_fidelity_l0.0/seed_3
