spin j=2.5, symmetric-qubit count N=5, spin dimension d=6
||rho_T - I/d||_F = 6.136314e-03
max multipole decay error = 6.661338e-16
epoch=    0  fidelity_path_loss=5.412388e-01  final_state_error=2.652489e-01
epoch=   50  fidelity_path_loss=7.763785e-02  final_state_error=2.653811e-02
epoch=  100  fidelity_path_loss=6.263455e-02  final_state_error=1.634616e-02
epoch=  150  fidelity_path_loss=4.098218e-02  final_state_error=1.057136e-02
epoch=  200  fidelity_path_loss=2.137534e-02  final_state_error=6.755598e-03
epoch=  250  fidelity_path_loss=1.930013e-02  final_state_error=5.380854e-03
epoch=  300  fidelity_path_loss=1.886863e-02  final_state_error=4.760229e-03
epoch=  350  fidelity_path_loss=1.866484e-02  final_state_error=4.449200e-03
epoch=  400  fidelity_path_loss=1.855767e-02  final_state_error=4.281181e-03
epoch=  450  fidelity_path_loss=1.848372e-02  final_state_error=4.185746e-03
epoch=  499  fidelity_path_loss=1.842622e-02  final_state_error=4.140368e-03
final Frobenius state error = 4.140074e-03
final quantum fidelity = 9.883941e-01
final trace distance = 6.472465e-02
grid Jensen-Shannon divergence = 1.483657e-03
Q-grid correlation = 9.988750e-01
Q peak angular shift = 1.169547e+00 rad
outputs written to: /home/mmaronese/work/spin_quantum_diffusion/diagnostic_study/runs/forward_path_e500_fidelity_l0.0/seed_7
