spin j=2.5, symmetric-qubit count N=5, spin dimension d=6
||rho_T - I/d||_F = 6.175033e-03
max multipole decay error = 7.216450e-16
epoch=    0  fidelity_final_loss=4.575812e-01  final_state_error=2.647189e-01
epoch=   10  fidelity_final_loss=3.043839e-01  final_state_error=1.593271e-01
epoch=   20  fidelity_final_loss=1.078873e-01  final_state_error=1.268021e-01
epoch=   30  fidelity_final_loss=4.238831e-02  final_state_error=2.934269e-02
epoch=   40  fidelity_final_loss=1.373340e-02  final_state_error=1.426184e-02
epoch=   50  fidelity_final_loss=4.986429e-03  final_state_error=3.132858e-03
epoch=   60  fidelity_final_loss=2.883208e-03  final_state_error=2.091162e-03
epoch=   70  fidelity_final_loss=1.960927e-03  final_state_error=1.471144e-03
epoch=   80  fidelity_final_loss=1.392819e-03  final_state_error=9.118481e-04
epoch=   90  fidelity_final_loss=1.066061e-03  final_state_error=6.498173e-04
epoch=   99  fidelity_final_loss=9.046690e-04  final_state_error=5.121584e-04
final Frobenius state error = 5.039639e-04
final quantum fidelity = 9.991082e-01
final trace distance = 2.106563e-02
grid Jensen-Shannon divergence = 6.244377e-05
Q-grid correlation = 9.999283e-01
Q peak angular shift = 3.976674e-02 rad
outputs written to: /home/mmaronese/work/spin_quantum_diffusion/diagnostic_study/runs/forward_final_e100_fidelity_l0.0/seed_5
