spin j=2.5, symmetric-qubit count N=5, spin dimension d=6
||rho_T - I/d||_F = 6.136314e-03
max multipole decay error = 6.661338e-16
epoch=    0  fidelity_final_loss=4.585397e-01  final_state_error=2.652489e-01
epoch=   10  fidelity_final_loss=3.094960e-01  final_state_error=1.620279e-01
epoch=   20  fidelity_final_loss=1.112333e-01  final_state_error=1.308738e-01
epoch=   30  fidelity_final_loss=2.647186e-02  final_state_error=1.169102e-02
epoch=   40  fidelity_final_loss=7.745981e-03  final_state_error=6.565140e-03
epoch=   50  fidelity_final_loss=3.091752e-03  final_state_error=1.353093e-03
epoch=   60  fidelity_final_loss=1.959476e-03  final_state_error=7.325024e-04
epoch=   70  fidelity_final_loss=1.345872e-03  final_state_error=4.188527e-04
epoch=   80  fidelity_final_loss=7.992267e-04  final_state_error=2.879393e-04
epoch=   90  fidelity_final_loss=5.382165e-04  final_state_error=1.314808e-04
epoch=   99  fidelity_final_loss=4.251834e-04  final_state_error=1.094654e-04
final Frobenius state error = 1.064559e-04
final quantum fidelity = 9.995840e-01
final trace distance = 1.059459e-02
grid Jensen-Shannon divergence = 1.299562e-05
Q-grid correlation = 9.999898e-01
Q peak angular shift = 0.000000e+00 rad
outputs written to: /home/mmaronese/work/spin_quantum_diffusion/diagnostic_study/runs/forward_final_e100_fidelity_l0.0/seed_7
