spin j=2.5, symmetric-qubit count N=5, spin dimension d=6
||rho_T - I/d||_F = 6.129289e-03
max multipole decay error = 7.216450e-16
epoch=    0  fidelity_final_loss=4.626545e-01  final_state_error=2.691652e-01
epoch=   10  fidelity_final_loss=2.403813e-01  final_state_error=1.222351e-01
epoch=   20  fidelity_final_loss=7.723193e-02  final_state_error=1.030352e-01
epoch=   30  fidelity_final_loss=3.914683e-02  final_state_error=2.624503e-02
epoch=   40  fidelity_final_loss=1.372566e-02  final_state_error=1.411960e-02
epoch=   50  fidelity_final_loss=5.724735e-03  final_state_error=3.316217e-03
epoch=   60  fidelity_final_loss=2.987992e-03  final_state_error=1.811679e-03
epoch=   70  fidelity_final_loss=1.788363e-03  final_state_error=8.791696e-04
epoch=   80  fidelity_final_loss=1.262346e-03  final_state_error=5.347154e-04
epoch=   90  fidelity_final_loss=8.676201e-04  final_state_error=3.484833e-04
epoch=   99  fidelity_final_loss=6.896961e-04  final_state_error=2.675877e-04
final Frobenius state error = 2.654111e-04
final quantum fidelity = 9.993241e-01
final trace distance = 1.702896e-02
grid Jensen-Shannon divergence = 2.837398e-05
Q-grid correlation = 9.999567e-01
Q peak angular shift = 1.490116e-08 rad
outputs written to: /home/mmaronese/work/spin_quantum_diffusion/diagnostic_study/runs/mixed_final_e100_fidelity_l0.0/seed_13
