spin j=2.5, symmetric-qubit count N=5, spin dimension d=6
||rho_T - I/d||_F = 6.212269e-03
max multipole decay error = 7.771561e-16
epoch=    0  fidelity_final_loss=4.647640e-01  final_state_error=2.719074e-01
epoch=   10  fidelity_final_loss=2.206393e-01  final_state_error=1.111144e-01
epoch=   20  fidelity_final_loss=7.402528e-02  final_state_error=9.501200e-02
epoch=   30  fidelity_final_loss=3.498292e-02  final_state_error=2.310099e-02
epoch=   40  fidelity_final_loss=1.119589e-02  final_state_error=9.523382e-03
epoch=   50  fidelity_final_loss=4.157246e-03  final_state_error=2.264904e-03
epoch=   60  fidelity_final_loss=2.046947e-03  final_state_error=1.084011e-03
epoch=   70  fidelity_final_loss=1.074951e-03  final_state_error=3.134701e-04
epoch=   80  fidelity_final_loss=7.009353e-04  final_state_error=2.063157e-04
epoch=   90  fidelity_final_loss=5.012675e-04  final_state_error=1.832821e-04
epoch=   99  fidelity_final_loss=4.281695e-04  final_state_error=1.701647e-04
final Frobenius state error = 1.682455e-04
final quantum fidelity = 9.995796e-01
final trace distance = 1.205387e-02
grid Jensen-Shannon divergence = 1.108566e-05
Q-grid correlation = 9.999880e-01
Q peak angular shift = 3.976674e-02 rad
outputs written to: /home/mmaronese/work/spin_quantum_diffusion/diagnostic_study/runs/mixed_final_e100_fidelity_l0.0/seed_11
