spin j=2.5, symmetric-qubit count N=5, spin dimension d=6
||rho_T - I/d||_F = 6.129289e-03
max multipole decay error = 7.216450e-16
epoch=    0  fidelity_path_loss=5.516823e-01  final_state_error=2.691652e-01
epoch=   50  fidelity_path_loss=8.274074e-02  final_state_error=3.088723e-02
epoch=  100  fidelity_path_loss=6.933368e-02  final_state_error=2.099623e-02
epoch=  150  fidelity_path_loss=5.771914e-02  final_state_error=1.305221e-02
epoch=  200  fidelity_path_loss=3.172440e-02  final_state_error=1.236256e-02
epoch=  250  fidelity_path_loss=2.016114e-02  final_state_error=7.869190e-03
epoch=  300  fidelity_path_loss=1.956208e-02  final_state_error=7.554463e-03
epoch=  350  fidelity_path_loss=1.922426e-02  final_state_error=7.396957e-03
epoch=  400  fidelity_path_loss=1.900430e-02  final_state_error=7.099758e-03
epoch=  450  fidelity_path_loss=1.881478e-02  final_state_error=6.711381e-03
epoch=  499  fidelity_path_loss=1.864551e-02  final_state_error=6.343326e-03
final Frobenius state error = 6.336923e-03
final quantum fidelity = 9.873996e-01
final trace distance = 7.269826e-02
grid Jensen-Shannon divergence = 1.583097e-03
Q-grid correlation = 9.977858e-01
Q peak angular shift = 7.135319e-02 rad
outputs written to: /home/mmaronese/work/spin_quantum_diffusion/diagnostic_study/runs/mixed_path_e500_fidelity_l0.0/seed_13
