spin j=2.5, symmetric-qubit count N=5, spin dimension d=6
||rho_T - I/d||_F = 6.212269e-03
max multipole decay error = 7.771561e-16
epoch=    0  fidelity_path_loss=5.562309e-01  final_state_error=2.719074e-01
epoch=   50  fidelity_path_loss=7.699721e-02  final_state_error=2.614399e-02
epoch=  100  fidelity_path_loss=6.699786e-02  final_state_error=1.913172e-02
epoch=  150  fidelity_path_loss=6.136135e-02  final_state_error=1.487802e-02
epoch=  200  fidelity_path_loss=5.752873e-02  final_state_error=1.294359e-02
epoch=  250  fidelity_path_loss=4.909697e-02  final_state_error=1.080050e-02
epoch=  300  fidelity_path_loss=2.877065e-02  final_state_error=8.877026e-03
epoch=  350  fidelity_path_loss=2.258930e-02  final_state_error=6.428202e-03
epoch=  400  fidelity_path_loss=1.999856e-02  final_state_error=6.095907e-03
epoch=  450  fidelity_path_loss=1.954975e-02  final_state_error=6.147230e-03
epoch=  499  fidelity_path_loss=1.928869e-02  final_state_error=6.250965e-03
final Frobenius state error = 6.253279e-03
final quantum fidelity = 9.865841e-01
final trace distance = 7.415343e-02
grid Jensen-Shannon divergence = 1.635532e-03
Q-grid correlation = 9.977802e-01
Q peak angular shift = 3.976674e-02 rad
outputs written to: /home/mmaronese/work/spin_quantum_diffusion/diagnostic_study/runs/mixed_path_e500_fidelity_l0.0/seed_11
