spin j=2.5, symmetric-qubit count N=5, spin dimension d=6
||rho_T - I/d||_F = 6.129289e-03
max multipole decay error = 7.216450e-16
epoch=    0  fidelity_final_loss=4.562058e-01  final_state_error=2.641990e-01
epoch=   10  fidelity_final_loss=2.395782e-01  final_state_error=1.225375e-01
epoch=   20  fidelity_final_loss=8.354663e-02  final_state_error=1.107187e-01
epoch=   30  fidelity_final_loss=3.866226e-02  final_state_error=2.333341e-02
epoch=   40  fidelity_final_loss=1.261828e-02  final_state_error=1.275687e-02
epoch=   50  fidelity_final_loss=5.613632e-03  final_state_error=3.356552e-03
epoch=   60  fidelity_final_loss=2.550164e-03  final_state_error=1.919226e-03
epoch=   70  fidelity_final_loss=1.381322e-03  final_state_error=7.537856e-04
epoch=   80  fidelity_final_loss=9.037698e-04  final_state_error=4.774632e-04
epoch=   90  fidelity_final_loss=6.541928e-04  final_state_error=3.314879e-04
epoch=   99  fidelity_final_loss=5.273811e-04  final_state_error=2.411668e-04
final Frobenius state error = 2.361724e-04
final quantum fidelity = 9.994832e-01
final trace distance = 1.384700e-02
grid Jensen-Shannon divergence = 2.124276e-05
Q-grid correlation = 9.999689e-01
Q peak angular shift = 1.490116e-08 rad
outputs written to: /home/mmaronese/work/spin_quantum_diffusion/diagnostic_study/runs/forward_final_e100_fidelity_l0.0/seed_13
