spin j=2.5, symmetric-qubit count N=5, spin dimension d=6
||rho_T - I/d||_F = 6.129289e-03
max multipole decay error = 7.216450e-16
epoch=    0  fidelity_final_loss=4.562058e-01  final_state_error=2.641990e-01
epoch=   50  fidelity_final_loss=5.613632e-03  final_state_error=3.356552e-03
epoch=  100  fidelity_final_loss=5.167811e-04  final_state_error=2.361724e-04
epoch=  150  fidelity_final_loss=2.046609e-04  final_state_error=5.429225e-05
epoch=  200  fidelity_final_loss=1.104068e-04  final_state_error=1.667353e-05
epoch=  250  fidelity_final_loss=7.279641e-05  final_state_error=8.441613e-06
epoch=  300  fidelity_final_loss=5.267851e-05  final_state_error=5.849098e-06
epoch=  350  fidelity_final_loss=3.991209e-05  final_state_error=4.750035e-06
epoch=  400  fidelity_final_loss=3.100764e-05  final_state_error=4.171570e-06
epoch=  450  fidelity_final_loss=2.444779e-05  final_state_error=3.791525e-06
epoch=  499  fidelity_final_loss=1.954491e-05  final_state_error=3.481294e-06
final Frobenius state error = 3.475139e-06
final quantum fidelity = 9.999805e-01
final trace distance = 1.667730e-03
grid Jensen-Shannon divergence = 6.612534e-07
Q-grid correlation = 9.999998e-01
Q peak angular shift = 1.490116e-08 rad
outputs written to: /home/mmaronese/work/spin_quantum_diffusion/diagnostic_study/runs/forward_final_e500_fidelity_l0.0/seed_13
