spin j=2.5, symmetric-qubit count N=5, spin dimension d=6
||rho_T - I/d||_F = 6.175033e-03
max multipole decay error = 7.216450e-16
epoch=    0  fidelity_final_loss=4.575812e-01  final_state_error=2.647189e-01
epoch=   50  fidelity_final_loss=4.986429e-03  final_state_error=3.132858e-03
epoch=  100  fidelity_final_loss=8.917613e-04  final_state_error=5.039639e-04
epoch=  150  fidelity_final_loss=4.338361e-04  final_state_error=2.039799e-04
epoch=  200  fidelity_final_loss=2.410771e-04  final_state_error=1.065743e-04
epoch=  250  fidelity_final_loss=1.411529e-04  final_state_error=6.277828e-05
epoch=  300  fidelity_final_loss=8.426854e-05  final_state_error=3.831653e-05
epoch=  350  fidelity_final_loss=5.291240e-05  final_state_error=2.496650e-05
epoch=  400  fidelity_final_loss=3.509237e-05  final_state_error=1.738778e-05
epoch=  450  fidelity_final_loss=2.415649e-05  final_state_error=1.267031e-05
epoch=  499  fidelity_final_loss=1.725818e-05  final_state_error=9.549978e-06
final Frobenius state error = 9.497434e-06
final quantum fidelity = 9.999829e-01
final trace distance = 3.138832e-03
grid Jensen-Shannon divergence = 5.506358e-07
Q-grid correlation = 9.999995e-01
Q peak angular shift = 0.000000e+00 rad
outputs written to: /home/mmaronese/work/spin_quantum_diffusion/diagnostic_study/runs/forward_final_e500_fidelity_l0.0/seed_5
