spin j=2.5, symmetric-qubit count N=5, spin dimension d=6
||rho_T - I/d||_F = 6.136314e-03
max multipole decay error = 6.661338e-16
epoch=    0  fidelity_final_loss=4.649961e-01  final_state_error=2.702304e-01
epoch=   10  fidelity_final_loss=3.173695e-01  final_state_error=1.667186e-01
epoch=   20  fidelity_final_loss=1.066873e-01  final_state_error=1.198789e-01
epoch=   30  fidelity_final_loss=2.796302e-02  final_state_error=1.445794e-02
epoch=   40  fidelity_final_loss=9.530812e-03  final_state_error=8.117231e-03
epoch=   50  fidelity_final_loss=3.530825e-03  final_state_error=1.906554e-03
epoch=   60  fidelity_final_loss=2.026520e-03  final_state_error=7.977029e-04
epoch=   70  fidelity_final_loss=1.314280e-03  final_state_error=4.155159e-04
epoch=   80  fidelity_final_loss=9.358160e-04  final_state_error=2.616543e-04
epoch=   90  fidelity_final_loss=7.338339e-04  final_state_error=1.860904e-04
epoch=   99  fidelity_final_loss=5.726987e-04  final_state_error=1.182891e-04
final Frobenius state error = 1.112006e-04
final quantum fidelity = 9.994430e-01
final trace distance = 1.045174e-02
grid Jensen-Shannon divergence = 1.696922e-05
Q-grid correlation = 9.999791e-01
Q peak angular shift = 0.000000e+00 rad
outputs written to: /home/mmaronese/work/spin_quantum_diffusion/diagnostic_study/runs/mixed_final_e100_fidelity_l0.0/seed_7
